FILA 1 EVENTOS 29 IMPACTO 7411 RACHA 28 INICIO 3
FILA 2 EVENTOS 30 IMPACTO 8475 RACHA 30 INICIO 1
FILA 3 EVENTOS 30 IMPACTO 9585 RACHA 30 INICIO 1
FILA 4 EVENTOS 30 IMPACTO 10695 RACHA 30 INICIO 1
FILA 5 EVENTOS 30 IMPACTO 11805 RACHA 30 INICIO 1
FILA 6 EVENTOS 30 IMPACTO 12915 RACHA 30 INICIO 1
FILA 7 EVENTOS 30 IMPACTO 14025 RACHA 30 INICIO 1
FILA 8 EVENTOS 30 IMPACTO 15135 RACHA 30 INICIO 1
FILA 9 EVENTOS 30 IMPACTO 16245 RACHA 30 INICIO 1
FILA 10 EVENTOS 30 IMPACTO 17355 RACHA 30 INICIO 1
FILA 11 EVENTOS 30 IMPACTO 18465 RACHA 30 INICIO 1
FILA 12 EVENTOS 30 IMPACTO 19575 RACHA 30 INICIO 1
FILA 13 EVENTOS 30 IMPACTO 20685 RACHA 30 INICIO 1
FILA 14 EVENTOS 29 IMPACTO 19811 RACHA 28 INICIO 1
FILA 15 EVENTOS 28 IMPACTO 18920 RACHA 26 INICIO 1
FILA 16 EVENTOS 28 IMPACTO 18030 RACHA 24 INICIO 1
FILA 17 EVENTOS 28 IMPACTO 17140 RACHA 22 INICIO 1
FILA 18 EVENTOS 28 IMPACTO 16250 RACHA 20 INICIO 1
FILA 19 EVENTOS 28 IMPACTO 15360 RACHA 18 INICIO 1
FILA 20 EVENTOS 28 IMPACTO 14470 RACHA 16 INICIO 1
FILA 21 EVENTOS 28 IMPACTO 13580 RACHA 14 INICIO 1
FILA 22 EVENTOS 29 IMPACTO 12691 RACHA 16 INICIO 15
FILA 23 EVENTOS 29 IMPACTO 11802 RACHA 18 INICIO 13
FILA 24 EVENTOS 29 IMPACTO 10913 RACHA 20 INICIO 11
FILA 25 EVENTOS 29 IMPACTO 10024 RACHA 22 INICIO 9
FILA 26 EVENTOS 29 IMPACTO 9135 RACHA 24 INICIO 7
FILA 27 EVENTOS 29 IMPACTO 9210 RACHA 26 INICIO 5
FILA 28 EVENTOS 29 IMPACTO 8319 RACHA 28 INICIO 3
FILA 29 EVENTOS 30 IMPACTO 8415 RACHA 30 INICIO 1
FILA 30 EVENTOS 30 IMPACTO 9525 RACHA 30 INICIO 1
COLUMNAS 30 28 30 29 30 29 30 29 30 29 30 29 30 29 29 29 29 29 29 29 29 29 29 29 29 29 29 29 29 30
PRIORIDAD 13
COLUMNA 1
